// Jest Snapshot v1, https://goo.gl/fbAQLP

exports[`ArticleCard should render component "ArticleCard" property 1`] = `
<article
  className="articleCard"
>
  <a
    className="articleCardImage"
    href="/discover/en-global/logistics-advice/essential-guides/what-is-reverse-logistics"
    style={
      {
        "backgroundImage": "url(/discover/content/dam/global-master/4-logistics-advice/essential-guides/wec0787-what-is-reverse-logistics/Mobile_991x558_V02.jpg), url('/etc.clientlibs/dhl/clientlibs/discover/resources/img/articleHeroHomepage-desk.jpg')",
      }
    }
    tabIndex={-1}
  >
    <div
      className="articleCardGroupTag articleCardTextOnImage"
    >
      #LogisticsAdvice
    </div>
  </a>
  <div
    className="articleCardInfo"
  >
    <div
      className="articleCardAuthor"
    >
      Anna Thompson | April 20, 2023
    </div>
    <a
      className="articleCardTitle"
      href="/discover/en-global/logistics-advice/essential-guides/what-is-reverse-logistics"
    >
      What is Reverse Logistics?
    </a>
    <div
      className="articleCardDescription"
    >
      Discover everything you need to know about reverse logistics including types, benefits, challenges, and strategies to optimize your reverse logistics practices.
    </div>
  </div>
</article>
`;
