// Jest Snapshot v1, https://goo.gl/fbAQLP

exports[`SearchPanel should render component "SearchPanel" property 1`] = `
<div
  className="search"
>
  <input
    aria-activedescendant={null}
    aria-autocomplete="list"
    aria-expanded="true"
    className=""
    data-testid="search-bar-input"
    onChange={[Function]}
    onKeyDown={[Function]}
    role="combobox"
    type="search"
    value=""
  />
  <button
    className="searchButton absoluteLeft"
    data-testid="handle-search"
    onClick={[Function]}
  >
    <span
      className="searchButtonImage searchButtonImageSearch"
    />
  </button>
  <div
    className="searchResult"
  >
    <div
      aria-label="Trending Topics"
      className="searchSection"
    >
      <div
        className="searchSectionTitle"
      >
        Trending Topics
      </div>
      <div
        className="searchSectionItems"
      >
        <div
          className="searchSectionItemsItemWrapper"
        >
          <a
            aria-label="Business"
            className="searchSectionItemsItem searchSectionItemsItemWithIcon"
            href="/search-result?searchfield=Business"
            id="search-bar-suggestion-0"
            tabIndex={-1}
          >
            <span
              className="icon iconTrending"
            />
            <span
              className="searchSectionItemsItemText"
            >
              Business
            </span>
          </a>
        </div>
        <div
          className="searchSectionItemsItemWrapper"
        >
          <a
            aria-label="China"
            className="searchSectionItemsItem searchSectionItemsItemWithIcon"
            href="/search-result?searchfield=China"
            id="search-bar-suggestion-1"
            tabIndex={-1}
          >
            <span
              className="icon iconTrending"
            />
            <span
              className="searchSectionItemsItemText"
            >
              China
            </span>
          </a>
        </div>
      </div>
    </div>
  </div>
  <button
    className="searchButton absoluteRight"
    data-testid="close-search"
    onClick={[Function]}
  >
    <span
      className="searchButtonImage searchButtonImageClose"
    />
  </button>
</div>
`;
