// Jest Snapshot v1, https://goo.gl/fbAQLP

exports[`Suggestions should render "Suggestions" component property when input is empty 1`] = `
<div
  className="searchSection"
>
  <div
    className="searchSection"
  >
    <div
      className="searchSectionItems"
    >
      <button
        aria-label="Business"
        className="searchSectionItemsItem searchSectionItemsItemWithIcon"
        id="search-suggestion-0"
        onClick={[Function]}
        tabIndex={-1}
      >
        <span
          className="icon iconHistory"
        />
        <span
          className="searchSectionItemsItemText"
        >
          Business
        </span>
      </button>
      <button
        aria-label="China"
        className="searchSectionItemsItem searchSectionItemsItemWithIcon"
        id="search-suggestion-1"
        onClick={[Function]}
        tabIndex={-1}
      >
        <span
          className="icon iconHistory"
        />
        <span
          className="searchSectionItemsItemText"
        >
          China
        </span>
      </button>
    </div>
  </div>
</div>
`;

exports[`Suggestions should render "Suggestions" component property when input is not empty but there is no suggestions 1`] = `
<div
  className="searchSection"
>
  <div
    className="searchSection"
  >
    <div
      className="searchSectionItems"
    >
      <button
        aria-label="Business"
        className="searchSectionItemsItem searchSectionItemsItemWithIcon"
        id="search-suggestion-0"
        onClick={[Function]}
        tabIndex={-1}
      >
        <span
          className="icon iconHistory"
        />
        <span
          className="searchSectionItemsItemText"
        >
          Business
        </span>
      </button>
      <button
        aria-label="China"
        className="searchSectionItemsItem searchSectionItemsItemWithIcon"
        id="search-suggestion-1"
        onClick={[Function]}
        tabIndex={-1}
      >
        <span
          className="icon iconHistory"
        />
        <span
          className="searchSectionItemsItemText"
        >
          China
        </span>
      </button>
    </div>
  </div>
</div>
`;
