// Jest Snapshot v1, https://goo.gl/fbAQLP

exports[`Article should render "Article" component property 1`] = `
<div
  className="article"
>
  <a
    className="articleImage"
    href="/discover/en-global/logistics-advice/essential-guides/what-is-reverse-logistics"
    style={
      {
        "backgroundImage": "url(/discover/content/dam/global-master/4-logistics-advice/essential-guides/wec0787-what-is-reverse-logistics/Mobile_991x558_V02.jpg), url('/etc.clientlibs/dhl/clientlibs/discover/resources/img/articleHeroHomepage-desk.jpg')",
      }
    }
    tabIndex={-1}
  />
  <div
    className="articleInfo"
  >
    <div
      className="articleInfoGroupTag"
    >
      #LogisticsAdvice
    </div>
    <a
      className="articleInfoTitle"
      href="/discover/en-global/logistics-advice/essential-guides/what-is-reverse-logistics"
    >
      What is Reverse Logistics?
    </a>
    <div
      className="articleInfoMetadata"
    >
      April 20, 2023
    </div>
    <div
      className="articleInfoDescription"
      dangerouslySetInnerHTML={
        {
          "__html": "<b></b>Discover<b></b> <b></b>everything<b></b> <b></b>you<b></b> <b></b>need<b></b> <b></b>to<b></b> <b></b>know<b></b> <b></b>about<b></b> <b></b>reverse<b></b> <b></b>logistics<b></b> <b></b>including<b></b> <b></b>types<b></b>, <b></b>benefits<b></b>, <b></b>challenges<b></b>, <b></b>and<b></b> <b></b>strategies<b></b> <b></b>to<b></b> <b></b>optimize<b></b> <b></b>your<b></b> <b></b>reverse<b></b> <b></b>logistics<b></b> <b></b>practices<b></b>.",
        }
      }
    />
  </div>
</div>
`;
